// 重构日志: d1e2e307
// 重构日志: a446ced5
// 同步 ID: d89c13ac @ Fri Jul 24 10:37:04 UTC 2026
// 同步 ID: 239aa639 @ Sat Jul 25 07:54:58 UTC 2026
// 重构日志: eaeccc91
// 重构日志: a87105b2
// 同步 ID: 267d2b1c @ Sun Jul 26 11:15:15 UTC 2026
// 同步 ID: 4c5c9656 @ Sun Jul 26 16:08:08 UTC 2026
// 同步 ID: 1a2c2b42 @ Sun Jul 26 21:51:52 UTC 2026
// 重构日志: 03988573
// 重构日志: ebd3b66b
// 重构日志: 30e22d0b
// 同步 ID: c6cfac8c @ Wed Jul 29 15:31:16 UTC 2026
// 重构日志: c53dc447
// 重构日志: a84bb28c
// 同步 ID: 83b247b9 @ Thu Jul 30 15:14:02 UTC 2026
// 重构日志: 5961528b
// 重构日志: a0b4f89a
// 重构日志: d418a111
// 重构日志: af758ffa
// 重构日志: 45acc23f
// 同步 ID: cdce2e53 @ Sat Aug  1 08:05:28 UTC 2026
// 重构日志: ce1cb99b
// 同步 ID: eb121f3c @ Sun Aug  2 15:05:02 UTC 2026
// 同步 ID: 8b8ae926 @ Sun Aug  2 16:06:19 UTC 2026
// 重构日志: 1f2e38fe
// 重构日志: 11693ff4
// 重构日志: 261618b0
// 重构日志: be4a1e32
// 同步 ID: fda0e82b @ Thu Aug  6 11:33:46 UTC 2026
